isip0: true
isip1: true
isip2: true
isip3: true
isip4: true
isip5: true
isip6: false
isip7: true
isip8: true
isip9: true
isip10: true
